#1 [internal] load local bake definitions
#1 reading from stdin 1.70kB 0.0s done
#1 DONE 0.0s

#2 [api internal] load build definition from Dockerfile
#2 ...

#3 [web internal] load build definition from Dockerfile
#3 transferring dockerfile: 317B 0.1s done
#3 DONE 0.3s

#2 [api internal] load build definition from Dockerfile
#2 transferring dockerfile: 230B 0.1s done
#2 DONE 0.3s

#4 [worker internal] load build definition from Dockerfile
#4 transferring dockerfile: 561B 0.1s done
#4 DONE 0.3s

#5 [web internal] load metadata for docker.io/library/node:22-alpine
#5 ...

#6 [auth] library/node:pull token for registry-1.docker.io
#6 DONE 0.0s

#7 [auth] library/python:pull token for registry-1.docker.io
#7 DONE 0.0s

#8 [api internal] load metadata for docker.io/library/python:3.12-slim
#8 DONE 4.3s

#9 [worker internal] load .dockerignore
#9 transferring context: 2B 0.0s done
#9 DONE 0.1s

#10 [api internal] load .dockerignore
#10 transferring context: 2B 0.0s done
#10 DONE 0.1s

#5 [web internal] load metadata for docker.io/library/node:22-alpine
#5 ...

#11 [api 1/5] FROM docker.io/library/python:3.12-slim@sha256:05cda9777409a9c3ffddd94a4c476b79f0769a0b4857f0c7ed9226b6800b0d6f
#11 resolve docker.io/library/python:3.12-slim@sha256:05cda9777409a9c3ffddd94a4c476b79f0769a0b4857f0c7ed9226b6800b0d6f 0.1s done
#11 DONE 0.1s

#12 [api 2/5] WORKDIR /app
#12 CACHED

#13 [api internal] load build context
#13 transferring context: 20.82kB 0.0s done
#13 DONE 0.1s

#14 [worker internal] load build context
#14 transferring context: 3.21kB 0.0s done
#14 DONE 0.1s

#15 [api 3/5] COPY requirements.txt .
#15 DONE 0.1s

#16 [api 4/5] RUN pip install --no-cache-dir -r requirements.txt
#16 ...

#5 [web internal] load metadata for docker.io/library/node:22-alpine
#5 DONE 5.5s

#17 [web internal] load .dockerignore
#17 transferring context: 2B 0.0s done
#17 DONE 0.1s

#18 [worker 3/6] RUN apt-get update && apt-get install -y --no-install-recommends     libnss3 libatk1.0-0 libatk-bridge2.0-0 libcups2 libdrm2 libxkbcommon0 libxcomposite1     libxdamage1 libxfixes3 libxrandr2 libgbm1 libasound2 libpango-1.0-0 libcairo2     && rm -rf /var/lib/apt/lists/*
#18 ...

#19 [web internal] load build context
#19 DONE 0.0s

#20 [web 1/8] FROM docker.io/library/node:22-alpine@sha256:0a7108bf6c7bf5de370ffb1a3ed6be93d405b43ff159f681a8d18c0e2bc2e402
#20 resolve docker.io/library/node:22-alpine@sha256:0a7108bf6c7bf5de370ffb1a3ed6be93d405b43ff159f681a8d18c0e2bc2e402 0.1s done
#20 ...

#19 [web internal] load build context
#19 transferring context: 7.78kB 0.1s done
#19 DONE 0.3s

#21 [web 3/8] RUN corepack enable
#21 CACHED

#22 [web 2/8] WORKDIR /app
#22 CACHED

#23 [web 5/8] COPY apps/web/package.json apps/web/package.json
#23 ERROR: failed to calculate checksum of ref m3lth53bmlgzrizp936f5c97o::pr96vk937njfsugqlplzwyapx: "/apps/web/package.json": not found

#24 [web 4/8] COPY package.json pnpm-lock.yaml* pnpm-workspace.yaml turbo.json ./
#24 ERROR: failed to calculate checksum of ref m3lth53bmlgzrizp936f5c97o::pr96vk937njfsugqlplzwyapx: "/turbo.json": not found

#20 [web 1/8] FROM docker.io/library/node:22-alpine@sha256:0a7108bf6c7bf5de370ffb1a3ed6be93d405b43ff159f681a8d18c0e2bc2e402
#20 CANCELED

#16 [api 4/5] RUN pip install --no-cache-dir -r requirements.txt
#16 CANCELED

#18 [worker 3/6] RUN apt-get update && apt-get install -y --no-install-recommends     libnss3 libatk1.0-0 libatk-bridge2.0-0 libcups2 libdrm2 libxkbcommon0 libxcomposite1     libxdamage1 libxfixes3 libxrandr2 libgbm1 libasound2 libpango-1.0-0 libcairo2     && rm -rf /var/lib/apt/lists/*
#18 CANCELED
------
 > [web 4/8] COPY package.json pnpm-lock.yaml* pnpm-workspace.yaml turbo.json ./:
------
------
 > [web 5/8] COPY apps/web/package.json apps/web/package.json:
------
